
Memory Configuration

Name             Origin             Length             Attributes
imem             0x0000000000000000 0x0000000000006400 r
dmem             0x0000000000006400 0x0000000000001800 rw
*default*        0x0000000000000000 0xffffffffffffffff

Linker script and memory map

LOAD /var/folders/5w/bg_m5cp56bj2ghw1j1t0fgww0000gn/T//ccMOEMKe.o
LOAD /var/folders/5w/bg_m5cp56bj2ghw1j1t0fgww0000gn/T//cccIazHZ.o
                0x0000000000000000                START_LOC = 0x0
                0x0000000000006400                IMEM_LEN = 0x6400
                0x0000000000001800                DMEM_LEN = 0x1800
                0x0000000000000000                . = 0x0

.crt_section    0x0000000000000000      0x1d8
                0x0000000000000000                . = ALIGN (0x4)
 *crt.o(.text*)
 *(.init.text*)
 .init.text     0x0000000000000000       0xe0 /var/folders/5w/bg_m5cp56bj2ghw1j1t0fgww0000gn/T//ccMOEMKe.o
                0x0000000000000000                _start
                0x00000000000000cc                __halt_main
 *(.text*)
 .text          0x00000000000000e0        0x0 /var/folders/5w/bg_m5cp56bj2ghw1j1t0fgww0000gn/T//ccMOEMKe.o
 .text          0x00000000000000e0       0xf8 /var/folders/5w/bg_m5cp56bj2ghw1j1t0fgww0000gn/T//cccIazHZ.o
                0x00000000000000e0                multiply
                0x000000000000013c                recursive
                0x00000000000001a4                main
                0x00000000000001d8                __imem_size = SIZEOF (.crt_section)

.var_space      0x0000000000006400        0x0
                0x0000000000006400                . = ALIGN (0x4)
 *(.sdata .sdata.*)
 *(.data .data.*)
 .data          0x0000000000006400        0x0 /var/folders/5w/bg_m5cp56bj2ghw1j1t0fgww0000gn/T//ccMOEMKe.o
 .data          0x0000000000006400        0x0 /var/folders/5w/bg_m5cp56bj2ghw1j1t0fgww0000gn/T//cccIazHZ.o
 *(.sbss*)

.will_zero      0x0000000000006400        0x0
                0x0000000000006400                . = ALIGN (0x4)
                0x0000000000006400                __bss_vma_start = .
 *(.bss*)
 .bss           0x0000000000006400        0x0 /var/folders/5w/bg_m5cp56bj2ghw1j1t0fgww0000gn/T//ccMOEMKe.o
 .bss           0x0000000000006400        0x0 /var/folders/5w/bg_m5cp56bj2ghw1j1t0fgww0000gn/T//cccIazHZ.o
 *(COMMON)
                0x0000000000006400                . = ALIGN (0x4)
                0x0000000000006400                __bss_vma_end = .
                0x0000000000006400                . = ALIGN (0x4)
                0x0000000000006400                __dedicated_mem_end = .
                0x0000000000007bfc                __sp_start = ((ORIGIN (dmem) + LENGTH (dmem)) - 0x4)
                0x00000000000017fc                __stack_size = (__sp_start - __dedicated_mem_end)
OUTPUT(build/counter.o elf32-littleriscv)

.riscv.attributes
                0x0000000000000000       0x20
 .riscv.attributes
                0x0000000000000000       0x1e /var/folders/5w/bg_m5cp56bj2ghw1j1t0fgww0000gn/T//ccMOEMKe.o
 .riscv.attributes
                0x000000000000001e       0x1c /var/folders/5w/bg_m5cp56bj2ghw1j1t0fgww0000gn/T//cccIazHZ.o

.comment        0x0000000000000000       0x12
 .comment       0x0000000000000000       0x12 /var/folders/5w/bg_m5cp56bj2ghw1j1t0fgww0000gn/T//cccIazHZ.o
                                         0x13 (size before relaxing)

.debug_line     0x0000000000000000      0x242
 .debug_line    0x0000000000000000      0x145 /var/folders/5w/bg_m5cp56bj2ghw1j1t0fgww0000gn/T//ccMOEMKe.o
 .debug_line    0x0000000000000145       0xfd /var/folders/5w/bg_m5cp56bj2ghw1j1t0fgww0000gn/T//cccIazHZ.o

.debug_info     0x0000000000000000      0x13f
 .debug_info    0x0000000000000000       0x26 /var/folders/5w/bg_m5cp56bj2ghw1j1t0fgww0000gn/T//ccMOEMKe.o
 .debug_info    0x0000000000000026      0x119 /var/folders/5w/bg_m5cp56bj2ghw1j1t0fgww0000gn/T//cccIazHZ.o

.debug_abbrev   0x0000000000000000       0xd7
 .debug_abbrev  0x0000000000000000       0x14 /var/folders/5w/bg_m5cp56bj2ghw1j1t0fgww0000gn/T//ccMOEMKe.o
 .debug_abbrev  0x0000000000000014       0xc3 /var/folders/5w/bg_m5cp56bj2ghw1j1t0fgww0000gn/T//cccIazHZ.o

.debug_aranges  0x0000000000000000       0x40
 .debug_aranges
                0x0000000000000000       0x20 /var/folders/5w/bg_m5cp56bj2ghw1j1t0fgww0000gn/T//ccMOEMKe.o
 .debug_aranges
                0x0000000000000020       0x20 /var/folders/5w/bg_m5cp56bj2ghw1j1t0fgww0000gn/T//cccIazHZ.o

.debug_str      0x0000000000000000       0xd3
 .debug_str     0x0000000000000000       0x4d /var/folders/5w/bg_m5cp56bj2ghw1j1t0fgww0000gn/T//ccMOEMKe.o
 .debug_str     0x000000000000004d       0x86 /var/folders/5w/bg_m5cp56bj2ghw1j1t0fgww0000gn/T//cccIazHZ.o
                                         0xc1 (size before relaxing)

.debug_frame    0x0000000000000000       0x78
 .debug_frame   0x0000000000000000       0x78 /var/folders/5w/bg_m5cp56bj2ghw1j1t0fgww0000gn/T//cccIazHZ.o
